I'm sorry, but errors were detected in your script. Please correct the
errors listed below, and try again.


File "game/script.rpy", line 51: indentation mismatch.

Ren'Py Version: Ren'Py 7.3.5.606
Tue Jul 06 22:16:14 2021
